Microsoft Windows [Version 10.0.19044.1889]
(c) Microsoft Corporation. All rights reserved.

C:\Users\HP>npm install -g @angular/cli

added 209 packages, and audited 210 packages in 16s

25 packages are looking for funding
  run `npm fund` for details

found 0 vulnerabilities
npm notice
npm notice New minor version of npm available! 8.6.0 -> 8.19.1
npm notice Changelog: https://github.com/npm/cli/releases/tag/v8.19.1
npm notice Run npm install -g npm@8.19.1 to update!
npm notice

C:\Users\HP>ng --version
Error: You need to specify a command before moving on. Use '--help' to view the available commands.

C:\Users\HP>ng --help
ng <command>

Commands:
  ng add <collection>            Adds support for an external library to your project.
  ng analytics                   Configures the gathering of Angular CLI usage metrics. See
                                 https://angular.io/cli/usage-analytics-gathering
  ng build [project]             Compiles an Angular application or library into an output directory named dist/ at the
                                 given output path.                                                         [aliases: b]  ng cache                       Configure persistent disk cache and retrieve cache statistics.
  ng completion                  Set up Angular CLI autocompletion for your terminal.
  ng config [json-path] [value]  Retrieves or sets Angular configuration values in the angular.json file for the
                                 workspace.
  ng deploy [project]            Invokes the deploy builder for a specified project or for the default project in the
                                 workspace.
  ng doc <keyword>               Opens the official Angular documentation (angular.io) in a browser, and searches for a
                                 given keyword.                                                             [aliases: d]  ng e2e [project]               Builds and serves an Angular application, then runs end-to-end tests.      [aliases: e]  ng extract-i18n [project]      Extracts i18n messages from source code.
  ng generate                    Generates and/or modifies files based on a schematic.                      [aliases: g]  ng lint [project]              Runs linting tools on Angular application code in a given project folder.
  ng new [name]                  Creates a new Angular workspace.                                           [aliases: n]  ng run <target>                Runs an Architect target with an optional custom builder configuration defined in your
                                 project.
  ng serve [project]             Builds and serves your application, rebuilding on file changes.            [aliases: s]  ng test [project]              Runs unit tests in a project.                                              [aliases: t]  ng update [packages..]         Updates your workspace and its dependencies. See https://update.angular.io/.
  ng version                     Outputs Angular CLI version.                                               [aliases: v]
Options:
  --help  Shows a help message for this command in the console.                                                [boolean]
For more information, see https://angular.io/cli/.

C:\Users\HP>ng version
? Would you like to share pseudonymous usage data about this project with the Angular Team
at Google under Google's Privacy Policy at https://policies.google.com/privacy. For more
details and how to change this setting, see https://angular.io/analytics. No
Global setting: disabled
Local setting: No local workspace configuration file.
Effective status: disabled

     _                      _                 ____ _     ___
    / \   _ __   __ _ _   _| | __ _ _ __     / ___| |   |_ _|
   / △ \ | '_ \ / _` | | | | |/ _` | '__|   | |   | |    | |
  / ___ \| | | | (_| | |_| | | (_| | |      | |___| |___ | |
 /_/   \_\_| |_|\__, |\__,_|_|\__,_|_|       \____|_____|___|
                |___/


Angular CLI: 14.2.2
Node: 18.0.0 (Unsupported)
Package Manager: npm 8.6.0
OS: win32 x64

Angular:
...

Package                      Version
------------------------------------------------------
@angular-devkit/architect    0.1402.2 (cli-only)
@angular-devkit/core         14.2.2 (cli-only)
@angular-devkit/schematics   14.2.2 (cli-only)
@schematics/angular          14.2.2 (cli-only)

Warning: The current version of Node (18.0.0) is not supported by Angular.

C:\Users\HP> npm install -g npm@8.19.1

added 1 package, and audited 212 packages in 4s

11 packages are looking for funding
  run `npm fund` for details

found 0 vulnerabilities

C:\Users\HP>ng version

     _                      _                 ____ _     ___
    / \   _ __   __ _ _   _| | __ _ _ __     / ___| |   |_ _|
   / △ \ | '_ \ / _` | | | | |/ _` | '__|   | |   | |    | |
  / ___ \| | | | (_| | |_| | | (_| | |      | |___| |___ | |
 /_/   \_\_| |_|\__, |\__,_|_|\__,_|_|       \____|_____|___|
                |___/


Angular CLI: 14.2.2
Node: 18.0.0 (Unsupported)
Package Manager: npm 8.19.1
OS: win32 x64

Angular:
...

Package                      Version
------------------------------------------------------
@angular-devkit/architect    0.1402.2 (cli-only)
@angular-devkit/core         14.2.2 (cli-only)
@angular-devkit/schematics   14.2.2 (cli-only)
@schematics/angular          14.2.2 (cli-only)

Warning: The current version of Node (18.0.0) is not supported by Angular.

C:\Users\HP>ng new my-pp
? Would you like to add Angular routing? Yes
? Which stylesheet format would you like to use? CSS
CREATE my-pp/angular.json (2917 bytes)
CREATE my-pp/package.json (1036 bytes)
CREATE my-pp/README.md (1058 bytes)
CREATE my-pp/tsconfig.json (863 bytes)
CREATE my-pp/.editorconfig (274 bytes)
CREATE my-pp/.gitignore (548 bytes)
CREATE my-pp/.browserslistrc (600 bytes)
CREATE my-pp/karma.conf.js (1422 bytes)
CREATE my-pp/tsconfig.app.json (287 bytes)
CREATE my-pp/tsconfig.spec.json (333 bytes)
CREATE my-pp/.vscode/extensions.json (130 bytes)
CREATE my-pp/.vscode/launch.json (474 bytes)
CREATE my-pp/.vscode/tasks.json (938 bytes)
CREATE my-pp/src/favicon.ico (948 bytes)
CREATE my-pp/src/index.html (290 bytes)
CREATE my-pp/src/main.ts (372 bytes)
CREATE my-pp/src/polyfills.ts (2338 bytes)
CREATE my-pp/src/styles.css (80 bytes)
CREATE my-pp/src/test.ts (749 bytes)
CREATE my-pp/src/assets/.gitkeep (0 bytes)
CREATE my-pp/src/environments/environment.prod.ts (51 bytes)
CREATE my-pp/src/environments/environment.ts (658 bytes)
CREATE my-pp/src/app/app-routing.module.ts (245 bytes)
CREATE my-pp/src/app/app.module.ts (393 bytes)
CREATE my-pp/src/app/app.component.html (23115 bytes)
CREATE my-pp/src/app/app.component.spec.ts (1070 bytes)
CREATE my-pp/src/app/app.component.ts (209 bytes)
CREATE my-pp/src/app/app.component.css (0 bytes)
√ Packages installed successfully.
warning: LF will be replaced by CRLF in .browserslistrc.
The file will have its original line endings in your working directory
warning: LF will be replaced by CRLF in .editorconfig.
The file will have its original line endings in your working directory
warning: LF will be replaced by CRLF in .gitignore.
The file will have its original line endings in your working directory
warning: LF will be replaced by CRLF in .vscode/extensions.json.
The file will have its original line endings in your working directory
warning: LF will be replaced by CRLF in .vscode/launch.json.
The file will have its original line endings in your working directory
warning: LF will be replaced by CRLF in .vscode/tasks.json.
The file will have its original line endings in your working directory
warning: LF will be replaced by CRLF in README.md.
The file will have its original line endings in your working directory
warning: LF will be replaced by CRLF in angular.json.
The file will have its original line endings in your working directory
warning: LF will be replaced by CRLF in karma.conf.js.
The file will have its original line endings in your working directory
warning: LF will be replaced by CRLF in package-lock.json.
The file will have its original line endings in your working directory
warning: LF will be replaced by CRLF in package.json.
The file will have its original line endings in your working directory
warning: LF will be replaced by CRLF in src/app/app-routing.module.ts.
The file will have its original line endings in your working directory
warning: LF will be replaced by CRLF in src/app/app.component.html.
The file will have its original line endings in your working directory
warning: LF will be replaced by CRLF in src/app/app.component.spec.ts.
The file will have its original line endings in your working directory
warning: LF will be replaced by CRLF in src/app/app.component.ts.
The file will have its original line endings in your working directory
warning: LF will be replaced by CRLF in src/app/app.module.ts.
The file will have its original line endings in your working directory
warning: LF will be replaced by CRLF in src/environments/environment.prod.ts.
The file will have its original line endings in your working directory
warning: LF will be replaced by CRLF in src/environments/environment.ts.
The file will have its original line endings in your working directory
warning: LF will be replaced by CRLF in src/index.html.
The file will have its original line endings in your working directory
warning: LF will be replaced by CRLF in src/main.ts.
The file will have its original line endings in your working directory
warning: LF will be replaced by CRLF in src/polyfills.ts.
The file will have its original line endings in your working directory
warning: LF will be replaced by CRLF in src/styles.css.
The file will have its original line endings in your working directory
warning: LF will be replaced by CRLF in src/test.ts.
The file will have its original line endings in your working directory
warning: LF will be replaced by CRLF in tsconfig.app.json.
The file will have its original line endings in your working directory
warning: LF will be replaced by CRLF in tsconfig.json.
The file will have its original line endings in your working directory
warning: LF will be replaced by CRLF in tsconfig.spec.json.
The file will have its original line endings in your working directory
    Successfully initialized git.

C:\Users\HP>cd my-app
The system cannot find the path specified.

C:\Users\HP>ll
'll' is not recognized as an internal or external command,
operable program or batch file.

C:\Users\HP>ls
'3D Objects'                                                                                    Postman
 AppData                                                                                        PrintHood
'Application Data'                                                                              PycharmProjects
 Code                                                                                           Recent
 Contacts                                                                                      'Saved Games'
 Cookies                                                                                        Searches
 D:NishantLearnings_NewLaptopOracleJavaLearningPathSSH                                          SendTo
 D:NishantLearnings_NewLaptopOracleJavaLearningPathSSH.pub                                     'Start Menu'
 Desktop                                                                                        StartAV1.ipynb
 Documents                                                                                      Templates
 Downloads                                                                                      Untitled.ipynb
 Favorites                                                                                      Videos
 Git_Demo                                                                                      'VirtualBox VMs'
 IntelGraphicsProfiles                                                                          anaconda3
 Jedi                                                                                           eclipse
 Links                                                                                          eclipse-workspace
'Local Settings'                                                                                eclipse-workspace-jee
 Music                                                                                          git
'My Documents'                                                                                  hibernate
 NTUSER.DAT                                                                                     hsperfdata_HP
 NTUSER.DAT{f9332a57-2254-11ec-a4ee-aec3d4a9cdd1}.TM.blf                                        my-pp
 NTUSER.DAT{f9332a57-2254-11ec-a4ee-aec3d4a9cdd1}.TMContainer00000000000000000001.regtrans-ms   newfile.py
 NTUSER.DAT{f9332a57-2254-11ec-a4ee-aec3d4a9cdd1}.TMContainer00000000000000000002.regtrans-ms   ntuser.dat.LOG1
 NetHood                                                                                        ntuser.dat.LOG2
 OneDrive                                                                                       ntuser.ini
 Pictures                                                                                       seaborn-data

√ Browser application bundle generation complete.

Initial Chunk Files   | Names         |  Raw Size
vendor.js             | vendor        |   2.10 MB |
polyfills.js          | polyfills     | 318.05 kB |
styles.css, styles.js | styles        | 210.08 kB |
main.js               | main          |  50.16 kB |
runtime.js            | runtime       |   6.51 kB |

                      | Initial Total |   2.67 MB

Build at: 2022-09-08T09:24:54.221Z - Hash: e09c740641243c8d - Time: 13793ms

** Angular Live Development Server is listening on localhost:4200, open your browser on http://localhost:4200/ **


√ Compiled successfully.
